// Jest Snapshot v1, https://goo.gl/fbAQLP

exports[`<Highlight /> should render headings and button 1`] = `
.c0 {
  display: -webkit-inline-box;
  display: -webkit-inline-flex;
  display: -ms-inline-flexbox;
  display: inline-flex;
  -webkit-align-items: center;
  -webkit-box-align: center;
  -ms-flex-align: center;
  align-items: center;
  -webkit-box-pack: center;
  -webkit-justify-content: center;
  -ms-flex-pack: center;
  justify-content: center;
  color: #FAFAFA;
  border: none;
  border-radius: 0.4rem;
  cursor: pointer;
  -webkit-text-decoration: none;
  text-decoration: none;
  padding: 0.8rem;
  background: linear-gradient(180deg,#ff5f5f 0%,#f062c0 50%);
  height: 4rem;
  font-size: 1.4rem;
  padding: 0.8rem 3.2rem;
}

.c0:hover {
  background: linear-gradient(180deg,#e35565 0%,#d958a6 50%);
}

<main
  class=""
>
  <h2
    class=""
  >
    Heading 1
  </h2>
  <h3
    class=""
  >
    Heading 2
  </h3>
  <a
    class="c0"
    href="/ddr4"
  >
    <span>
      Buy now
    </span>
  </a>
</main>
`;
